// 重构日志: 6fdd3e1d
// 重构日志: 36848f00
// 重构日志: 9440eebd
// 重构日志: 3667f897
// 重构日志: 31c45be8
// 重构日志: de4ad917
// 同步 ID: 4be7badf @ Fri Jul 31 19:26:32 UTC 2026
// 重构日志: 1d59fd11
// 重构日志: 7c24f14c
// 同步 ID: 86fe60f6 @ Tue Aug  4 10:23:39 UTC 2026
// 重构日志: 1ce80612
// 重构日志: 1e52bee6
// 重构日志: 39fb97ca
// 重构日志: 6abf619e
// 重构日志: 12fed08b
// 同步 ID: a95e60d2 @ Thu Aug  6 02:02:03 UTC 2026
// 重构日志: 65a0ac54
// 重构日志: e7a47342
// 重构日志: d50c4946
// 重构日志: 930a14b9
// 重构日志: 2076c659
// 重构日志: b8794092
// 重构日志: 34cf170e
// 重构日志: 32b08884
// 重构日志: e50b1e1f
// 重构日志: 6b7d969d
// 重构日志: 74100ded
// 重构日志: 9417af3d
// 重构日志: 8428f036
// 同步 ID: 32283d4e @ Sat Aug  8 13:38:42 UTC 2026
